// Jest Snapshot v1, https://goo.gl/fbAQLP

exports[`<MenuLink /> renders link 1`] = `
<div
  className="nav__menu__link undefined"
>
  <i
    className="material-icons"
  >
    phone
  </i>
  Call me
</div>
`;
